// Jest Snapshot v1, https://goo.gl/fbAQLP

exports[`<Editor /> Component should render correctly 1`] = `undefined`;
