// Jest Snapshot v1, https://goo.gl/fbAQLP

exports[`<LeftPanel /> should render correctly 1`] = `ShallowWrapper {}`;
