// Jest Snapshot v1, https://goo.gl/fbAQLP

exports[`<Explorer /> Component should render correctly 1`] = `ShallowWrapper {}`;
