// Jest Snapshot v1, https://goo.gl/fbAQLP

exports[`<Input /> Component should render correctly 1`] = `ShallowWrapper {}`;
