// Jest Snapshot v1, https://goo.gl/fbAQLP

exports[`<MiddlePanel /> should render correctly 1`] = `ReactWrapper {}`;
