// Jest Snapshot v1, https://goo.gl/fbAQLP

exports[`<AGTreeView /> Component should render correctly 1`] = `undefined`;
