// Jest Snapshot v1, https://goo.gl/fbAQLP

exports[`<Source /> Component should render correctly 1`] = `ShallowWrapper {}`;
