// Jest Snapshot v1, https://goo.gl/fbAQLP

exports[`<TreeView /> Component should render correctly 1`] = `ShallowWrapper {}`;
